W0530 13:03:26.478000 34236 .venv\Lib\site-packages\torch\utils\flop_counter.py:29] triton not found; flop counting will not work for triton kernels
[ffs-gen] device=cuda | target STEPS=2200 lr_g=0.0001 | RAW MISALIGNED multi-pair generalization (sen12_full)
[SEN12FullDataModule] scenes=['100', '45', '5', '52', '84'] | train=9052@256->no-crop bs=8 | val=2263@256 bs=8 (total=11315)
W0530 13:03:48.534000 40948 .venv\Lib\site-packages\torch\utils\flop_counter.py:29] triton not found; flop counting will not work for triton kernels
W0530 13:03:55.308000 51804 .venv\Lib\site-packages\torch\utils\flop_counter.py:29] triton not found; flop counting will not work for triton kernels
W0530 13:04:01.570000 53892 .venv\Lib\site-packages\torch\utils\flop_counter.py:29] triton not found; flop counting will not work for triton kernels
W0530 13:04:07.554000 52388 .venv\Lib\site-packages\torch\utils\flop_counter.py:29] triton not found; flop counting will not work for triton kernels
W0530 13:04:13.632000 34460 .venv\Lib\site-packages\torch\utils\flop_counter.py:29] triton not found; flop counting will not work for triton kernels
W0530 13:04:19.757000 40308 .venv\Lib\site-packages\torch\utils\flop_counter.py:29] triton not found; flop counting will not work for triton kernels
W0530 13:04:25.777000 32228 .venv\Lib\site-packages\torch\utils\flop_counter.py:29] triton not found; flop counting will not work for triton kernels
W0530 13:04:31.773000 40940 .venv\Lib\site-packages\torch\utils\flop_counter.py:29] triton not found; flop counting will not work for triton kernels
W0530 13:04:37.628000 31252 .venv\Lib\site-packages\torch\utils\flop_counter.py:29] triton not found; flop counting will not work for triton kernels
W0530 13:04:44.169000 53256 .venv\Lib\site-packages\torch\utils\flop_counter.py:29] triton not found; flop counting will not work for triton kernels
C:\Users\tiruu\Desktop\sar2opt_light\src\models\llwt_v5\proof_ffs_generalize.py:385: UserWarning: expandable_segments not supported on this platform (Triggered internally at C:\actions-runner\_work\pytorch\pytorch\pytorch\c10/cuda/CUDAAllocatorConfig.h:39.)
  val_sar = torch.cat(vs, 0)[:N_VAL_PAIRS].to(device)
[ffs-gen] HELD-OUT val pairs=32 (NEVER trained on); train pool=9052 distinct RAW misaligned pairs (bs=8)
C:\Users\tiruu\Desktop\sar2opt_light\.venv\Lib\site-packages\torchmetrics\utilities\prints.py:62: FutureWarning: Importing `PeakSignalNoiseRatio` from `torchmetrics` was deprecated and will be removed in 2.0. Import `PeakSignalNoiseRatio` from `torchmetrics.image` instead.
  _future_warning(
C:\Users\tiruu\Desktop\sar2opt_light\.venv\Lib\site-packages\torchmetrics\utilities\prints.py:62: FutureWarning: Importing `StructuralSimilarityIndexMeasure` from `torchmetrics` was deprecated and will be removed in 2.0. Import `StructuralSimilarityIndexMeasure` from `torchmetrics.image` instead.
  _future_warning(
W0530 13:04:53.827000 44780 .venv\Lib\site-packages\torch\utils\flop_counter.py:29] triton not found; flop counting will not work for triton kernels
W0530 13:04:59.794000 41684 .venv\Lib\site-packages\torch\utils\flop_counter.py:29] triton not found; flop counting will not work for triton kernels
W0530 13:05:05.577000 40672 .venv\Lib\site-packages\torch\utils\flop_counter.py:29] triton not found; flop counting will not work for triton kernels
W0530 13:05:11.558000 50836 .venv\Lib\site-packages\torch\utils\flop_counter.py:29] triton not found; flop counting will not work for triton kernels
W0530 13:05:17.471000 28800 .venv\Lib\site-packages\torch\utils\flop_counter.py:29] triton not found; flop counting will not work for triton kernels
W0530 13:05:23.428000 45404 .venv\Lib\site-packages\torch\utils\flop_counter.py:29] triton not found; flop counting will not work for triton kernels
W0530 13:05:29.318000 54220 .venv\Lib\site-packages\torch\utils\flop_counter.py:29] triton not found; flop counting will not work for triton kernels
W0530 13:05:34.923000 4472 .venv\Lib\site-packages\torch\utils\flop_counter.py:29] triton not found; flop counting will not work for triton kernels
W0530 13:05:40.772000 31148 .venv\Lib\site-packages\torch\utils\flop_counter.py:29] triton not found; flop counting will not work for triton kernels
W0530 13:05:46.491000 38764 .venv\Lib\site-packages\torch\utils\flop_counter.py:29] triton not found; flop counting will not work for triton kernels
Loading weights:   0%|          | 0/196 [00:00<?, ?it/s]Loading weights: 100%|##########| 196/196 [00:00<00:00, 5430.99it/s]
[transformers] [1mConvNextV2Backbone LOAD REPORT[0m from: facebook/convnextv2-tiny-22k-224
Key                               | Status     | 
----------------------------------+------------+-
convnextv2.layernorm.weight       | UNEXPECTED | 
convnextv2.layernorm.bias         | UNEXPECTED | 
classifier.bias                   | UNEXPECTED | 
classifier.weight                 | UNEXPECTED | 
hidden_states_norms.stage3.bias   | MISSING    | 
hidden_states_norms.stage1.bias   | MISSING    | 
hidden_states_norms.stage4.weight | MISSING    | 
hidden_states_norms.stage2.weight | MISSING    | 
hidden_states_norms.stage1.weight | MISSING    | 
hidden_states_norms.stage2.bias   | MISSING    | 
hidden_states_norms.stage3.weight | MISSING    | 
hidden_states_norms.stage4.bias   | MISSING    | 

Notes:
- UNEXPECTED:	can be ignored when loading from different task/architecture; not ok if you expect identical arch.
- MISSING:	those params were newly initialized because missing from the checkpoint. Consider training on your downstream task.
[ffs-gen] CALIB (warm G): L1_ll=0.40665 L1_det(weighted-share)=0.05675 swd_raw=0.00952
[ffs-gen] CALIB targets: BASE LL contrib=0.13555  BASE detail-L1 contrib=0.11350
[ffs-gen] CALIB -> FFS per_band(LL-only) master weight=0.3333 ; FFS swd_weight=11.9175

[ffs-gen] ===== ARM BASE ===== fresh warm G+D reload
Loading weights:   0%|          | 0/196 [00:00<?, ?it/s]Loading weights: 100%|##########| 196/196 [00:00<00:00, 9540.14it/s]
[transformers] [1mConvNextV2Backbone LOAD REPORT[0m from: facebook/convnextv2-tiny-22k-224
Key                               | Status     | 
----------------------------------+------------+-
convnextv2.layernorm.weight       | UNEXPECTED | 
convnextv2.layernorm.bias         | UNEXPECTED | 
classifier.bias                   | UNEXPECTED | 
classifier.weight                 | UNEXPECTED | 
hidden_states_norms.stage3.bias   | MISSING    | 
hidden_states_norms.stage1.bias   | MISSING    | 
hidden_states_norms.stage4.weight | MISSING    | 
hidden_states_norms.stage2.weight | MISSING    | 
hidden_states_norms.stage1.weight | MISSING    | 
hidden_states_norms.stage2.bias   | MISSING    | 
hidden_states_norms.stage3.weight | MISSING    | 
hidden_states_norms.stage4.bias   | MISSING    | 

Notes:
- UNEXPECTED:	can be ignored when loading from different task/architecture; not ok if you expect identical arch.
- MISSING:	those params were newly initialized because missing from the checkpoint. Consider training on your downstream task.
[ffs-gen] BASE: warm G keys=245 (miss 0, unexp 0); D keys=18 (miss 0, unexp 0)
[ffs-gen] BASE HELD-OUT step    0/2200: mid=0.6417 high=0.5378 detpow=0.5517 lpips=0.3078 psnr=17.207 ssim=0.3060
W0530 13:05:59.721000 41756 .venv\Lib\site-packages\torch\utils\flop_counter.py:29] triton not found; flop counting will not work for triton kernels
W0530 13:06:05.468000 47996 .venv\Lib\site-packages\torch\utils\flop_counter.py:29] triton not found; flop counting will not work for triton kernels
W0530 13:06:11.823000 51868 .venv\Lib\site-packages\torch\utils\flop_counter.py:29] triton not found; flop counting will not work for triton kernels
W0530 13:06:17.732000 54268 .venv\Lib\site-packages\torch\utils\flop_counter.py:29] triton not found; flop counting will not work for triton kernels
W0530 13:06:23.842000 47412 .venv\Lib\site-packages\torch\utils\flop_counter.py:29] triton not found; flop counting will not work for triton kernels
W0530 13:06:29.633000 49368 .venv\Lib\site-packages\torch\utils\flop_counter.py:29] triton not found; flop counting will not work for triton kernels
W0530 13:06:35.465000 10348 .venv\Lib\site-packages\torch\utils\flop_counter.py:29] triton not found; flop counting will not work for triton kernels
W0530 13:06:41.194000 46944 .venv\Lib\site-packages\torch\utils\flop_counter.py:29] triton not found; flop counting will not work for triton kernels
W0530 13:06:46.990000 13104 .venv\Lib\site-packages\torch\utils\flop_counter.py:29] triton not found; flop counting will not work for triton kernels
W0530 13:06:53.024000 11524 .venv\Lib\site-packages\torch\utils\flop_counter.py:29] triton not found; flop counting will not work for triton kernels
C:\Users\tiruu\Desktop\sar2opt_light\src\models\llwt_v5\proof_ffs_generalize.py:342: UserWarning: Converting a tensor with requires_grad=True to a scalar may lead to unexpected behavior.
Consider using tensor.detach() first. (Triggered internally at C:\actions-runner\_work\pytorch\pytorch\pytorch\torch\csrc\autograd\generated\python_variable_methods.cpp:837.)
  f'g={float(g_loss):.3f} d={float(d_loss):.3f}')
[ffs-gen] BASE HELD-OUT step  550/2200: mid=0.6629 high=0.6435 detpow=0.6298 lpips=0.3069 psnr=17.071 ssim=0.2929  g=4.134 d=0.087
[ffs-gen] BASE HELD-OUT step 1100/2200: mid=0.6609 high=0.6734 detpow=0.6416 lpips=0.3074 psnr=17.042 ssim=0.2936  g=2.859 d=0.107
W0530 13:09:12.127000 41364 .venv\Lib\site-packages\torch\utils\flop_counter.py:29] triton not found; flop counting will not work for triton kernels
W0530 13:09:18.192000 39356 .venv\Lib\site-packages\torch\utils\flop_counter.py:29] triton not found; flop counting will not work for triton kernels
W0530 13:09:24.001000 46952 .venv\Lib\site-packages\torch\utils\flop_counter.py:29] triton not found; flop counting will not work for triton kernels
W0530 13:09:30.031000 39420 .venv\Lib\site-packages\torch\utils\flop_counter.py:29] triton not found; flop counting will not work for triton kernels
W0530 13:09:36.153000 41436 .venv\Lib\site-packages\torch\utils\flop_counter.py:29] triton not found; flop counting will not work for triton kernels
W0530 13:09:42.007000 48144 .venv\Lib\site-packages\torch\utils\flop_counter.py:29] triton not found; flop counting will not work for triton kernels
W0530 13:09:47.729000 39628 .venv\Lib\site-packages\torch\utils\flop_counter.py:29] triton not found; flop counting will not work for triton kernels
W0530 13:09:53.405000 17884 .venv\Lib\site-packages\torch\utils\flop_counter.py:29] triton not found; flop counting will not work for triton kernels
W0530 13:09:59.155000 40892 .venv\Lib\site-packages\torch\utils\flop_counter.py:29] triton not found; flop counting will not work for triton kernels
W0530 13:10:05.159000 40152 .venv\Lib\site-packages\torch\utils\flop_counter.py:29] triton not found; flop counting will not work for triton kernels
[ffs-gen] BASE HELD-OUT step 1650/2200: mid=0.6400 high=0.6197 detpow=0.6130 lpips=0.3050 psnr=17.151 ssim=0.2958  g=3.453 d=0.083
[ffs-gen] BASE HELD-OUT step 2200/2200: mid=0.6553 high=0.6313 detpow=0.6263 lpips=0.3054 psnr=17.116 ssim=0.2977  g=3.496 d=0.078
[ffs-gen] BASE: 2200 steps in 310s (0.141s/step)

[ffs-gen] ===== ARM FFS ===== fresh warm G+D reload
Loading weights:   0%|          | 0/196 [00:00<?, ?it/s]Loading weights: 100%|##########| 196/196 [00:00<00:00, 9887.94it/s]
[transformers] [1mConvNextV2Backbone LOAD REPORT[0m from: facebook/convnextv2-tiny-22k-224
Key                               | Status     | 
----------------------------------+------------+-
convnextv2.layernorm.weight       | UNEXPECTED | 
convnextv2.layernorm.bias         | UNEXPECTED | 
classifier.bias                   | UNEXPECTED | 
classifier.weight                 | UNEXPECTED | 
hidden_states_norms.stage3.bias   | MISSING    | 
hidden_states_norms.stage1.bias   | MISSING    | 
hidden_states_norms.stage4.weight | MISSING    | 
hidden_states_norms.stage2.weight | MISSING    | 
hidden_states_norms.stage1.weight | MISSING    | 
hidden_states_norms.stage2.bias   | MISSING    | 
hidden_states_norms.stage3.weight | MISSING    | 
hidden_states_norms.stage4.bias   | MISSING    | 

Notes:
- UNEXPECTED:	can be ignored when loading from different task/architecture; not ok if you expect identical arch.
- MISSING:	those params were newly initialized because missing from the checkpoint. Consider training on your downstream task.
[ffs-gen] FFS: warm G keys=245 (miss 0, unexp 0); D keys=18 (miss 0, unexp 0)
[ffs-gen] FFS HELD-OUT step    0/2200: mid=0.6417 high=0.5378 detpow=0.5517 lpips=0.3078 psnr=17.207 ssim=0.3060
W0530 13:12:13.820000 40024 .venv\Lib\site-packages\torch\utils\flop_counter.py:29] triton not found; flop counting will not work for triton kernels
W0530 13:12:19.566000 51400 .venv\Lib\site-packages\torch\utils\flop_counter.py:29] triton not found; flop counting will not work for triton kernels
W0530 13:12:25.920000 53548 .venv\Lib\site-packages\torch\utils\flop_counter.py:29] triton not found; flop counting will not work for triton kernels
W0530 13:12:32.126000 32228 .venv\Lib\site-packages\torch\utils\flop_counter.py:29] triton not found; flop counting will not work for triton kernels
W0530 13:12:37.971000 46188 .venv\Lib\site-packages\torch\utils\flop_counter.py:29] triton not found; flop counting will not work for triton kernels
W0530 13:12:43.699000 52140 .venv\Lib\site-packages\torch\utils\flop_counter.py:29] triton not found; flop counting will not work for triton kernels
W0530 13:12:49.596000 43216 .venv\Lib\site-packages\torch\utils\flop_counter.py:29] triton not found; flop counting will not work for triton kernels
W0530 13:12:55.675000 48188 .venv\Lib\site-packages\torch\utils\flop_counter.py:29] triton not found; flop counting will not work for triton kernels
W0530 13:13:01.510000 53724 .venv\Lib\site-packages\torch\utils\flop_counter.py:29] triton not found; flop counting will not work for triton kernels
W0530 13:13:07.255000 36736 .venv\Lib\site-packages\torch\utils\flop_counter.py:29] triton not found; flop counting will not work for triton kernels
[ffs-gen] FFS HELD-OUT step  550/2200: mid=0.6426 high=0.5995 detpow=0.5852 lpips=0.3091 psnr=17.091 ssim=0.2983  g=4.070 d=0.075
[ffs-gen] FFS HELD-OUT step 1100/2200: mid=0.6284 high=0.6148 detpow=0.5823 lpips=0.3108 psnr=17.087 ssim=0.2969  g=2.847 d=0.103
W0530 13:15:19.664000 17424 .venv\Lib\site-packages\torch\utils\flop_counter.py:29] triton not found; flop counting will not work for triton kernels
W0530 13:15:26.324000 51732 .venv\Lib\site-packages\torch\utils\flop_counter.py:29] triton not found; flop counting will not work for triton kernels
W0530 13:15:33.169000 48920 .venv\Lib\site-packages\torch\utils\flop_counter.py:29] triton not found; flop counting will not work for triton kernels
W0530 13:15:39.619000 43040 .venv\Lib\site-packages\torch\utils\flop_counter.py:29] triton not found; flop counting will not work for triton kernels
W0530 13:15:45.938000 45040 .venv\Lib\site-packages\torch\utils\flop_counter.py:29] triton not found; flop counting will not work for triton kernels
W0530 13:15:52.326000 45296 .venv\Lib\site-packages\torch\utils\flop_counter.py:29] triton not found; flop counting will not work for triton kernels
W0530 13:15:59.158000 29740 .venv\Lib\site-packages\torch\utils\flop_counter.py:29] triton not found; flop counting will not work for triton kernels
W0530 13:16:05.644000 39176 .venv\Lib\site-packages\torch\utils\flop_counter.py:29] triton not found; flop counting will not work for triton kernels
W0530 13:16:12.021000 1892 .venv\Lib\site-packages\torch\utils\flop_counter.py:29] triton not found; flop counting will not work for triton kernels
W0530 13:16:18.444000 43084 .venv\Lib\site-packages\torch\utils\flop_counter.py:29] triton not found; flop counting will not work for triton kernels
[ffs-gen] FFS HELD-OUT step 1650/2200: mid=0.6219 high=0.5876 detpow=0.5673 lpips=0.3100 psnr=17.159 ssim=0.3011  g=3.301 d=0.070
[ffs-gen] FFS HELD-OUT step 2200/2200: mid=0.6286 high=0.6008 detpow=0.5821 lpips=0.3107 psnr=17.140 ssim=0.2996  g=3.396 d=0.091
[ffs-gen] FFS: 2200 steps in 306s (0.139s/step)

========================================================================================
[ffs-gen] FAIRNESS CHECK (step-0 measured contributions; proves the A/B is fair)
========================================================================================
  LL  contribution : BASE=0.13724  FFS=0.13724  (diff 0.0% — MATCHED)
  DET contribution : BASE(L1)=0.14165  FFS(SWD)=0.14629  (diff 3.3% — calibrated)

========================================================================================
[ffs-gen] MID-FREQ POWER RATIO (HELD-OUT; GT=1.0; closer to 1.0 = sharper)
========================================================================================
    step |       BASE |        FFS   (PRIMARY blur metric)
       0 |     0.6417 |     0.6417
     550 |     0.6629 |     0.6426
    1100 |     0.6609 |     0.6284
    1650 |     0.6400 |     0.6219
    2200 |     0.6553 |     0.6286

========================================================================================
[ffs-gen] DETAIL-BAND POWER RATIO (HELD-OUT; GT=1.0; closer to 1.0 = matched detail)
========================================================================================
    step |       BASE |        FFS   (detail energy match)
       0 |     0.5517 |     0.5517
     550 |     0.6298 |     0.5852
    1100 |     0.6416 |     0.5823
    1650 |     0.6130 |     0.5673
    2200 |     0.6263 |     0.5821

========================================================================================
[ffs-gen] HIGH-BAND POWER RATIO (HELD-OUT; GT=1.0; >>1 = incoherent noise)
========================================================================================
    step |       BASE |        FFS   (coherence guard)
       0 |     0.5378 |     0.5378
     550 |     0.6435 |     0.5995
    1100 |     0.6734 |     0.6148
    1650 |     0.6197 |     0.5876
    2200 |     0.6313 |     0.6008

========================================================================================
[ffs-gen] LPIPS (HELD-OUT; lower = better perceptual)
========================================================================================
    step |       BASE |        FFS   (perceptual / sharpness-aware)
       0 |     0.3078 |     0.3078
     550 |     0.3069 |     0.3091
    1100 |     0.3074 |     0.3108
    1650 |     0.3050 |     0.3100
    2200 |     0.3054 |     0.3107

========================================================================================
[ffs-gen] PSNR (HELD-OUT; NOT a sharpness judge — GT misaligned)
========================================================================================
    step |       BASE |        FFS   (pixel; rewards blur under misalign)
       0 |    17.2069 |    17.2069
     550 |    17.0714 |    17.0915
    1100 |    17.0421 |    17.0873
    1650 |    17.1510 |    17.1586
    2200 |    17.1158 |    17.1398

========================================================================================
[ffs-gen] SSIM (HELD-OUT)
========================================================================================
    step |       BASE |        FFS   (structural)
       0 |     0.3060 |     0.3060
     550 |     0.2929 |     0.2983
    1100 |     0.2936 |     0.2969
    1650 |     0.2958 |     0.3011
    2200 |     0.2977 |     0.2996

========================================================================================
[ffs-gen] VERDICT
========================================================================================
[ffs-gen] on HELD-OUT after N=2200 steps: midfreq BASE=0.6553 FFS=0.6286 (GT=1.0); LPIPS BASE=0.3054 FFS=0.3107; detailpow BASE=0.6263 FFS=0.5821 -> FFS WORSE
